src/i18n/index.ts(28,4): error TS2769: No overload matches this call.
  Overload 1 of 2, '(callback?: Callback | undefined): Promise<TFunction<"translation", undefined>>', gave the following error.
    Object literal may only specify known properties, and 'lng' does not exist in type 'Callback'.
  Overload 2 of 2, '(options: InitOptions<unknown>, callback?: Callback | undefined): Promise<TFunction<"translation", undefined>>', gave the following error.
    Type '"v3"' is not assignable to type '"v4"'.
src/router/config.tsx(3,29): error TS2307: Cannot find module 'react-router-dom' or its corresponding type declarations.
src/router/index.ts(1,52): error TS2307: Cannot find module 'react-router-dom' or its corresponding type declarations.
src/router/index.ts(2,27): error TS2307: Cannot find module 'react-router-dom' or its corresponding type declarations.
src/utils/navigation.ts(7,35): error TS2345: Argument of type '[never, never]' is not assignable to parameter of type 'never'.
vite.config.ts(1,30): error TS2307: Cannot find module 'vite' or its corresponding type declarations.
vite.config.ts(2,19): error TS2307: Cannot find module '@vitejs/plugin-react-swc' or its corresponding type declarations.
vite.config.ts(4,24): error TS2307: Cannot find module 'unplugin-auto-import/vite' or its corresponding type declarations.
